[WARNING] 
[WARNING] Some problems were encountered while building the effective settings
[WARNING] 'profiles.profile[local].repositories.repository.id' must not be 'local', this identifier is reserved for the local repository, using it for other repositories will corrupt your repository metadata. @ D:\develop\maven\apache-maven-3.8.1\bin\..\conf\settings.xml
[WARNING] 'profiles.profile[local].pluginRepositories.pluginRepository.id' must not be 'local', this identifier is reserved for the local repository, using it for other repositories will corrupt your repository metadata. @ D:\develop\maven\apache-maven-3.8.1\bin\..\conf\settings.xml
[WARNING] 
[INFO] Scanning for projects...
[WARNING] 
[WARNING] Some problems were encountered while building the effective model for com.auth.center:client-service:jar:1.0.0-SNAPSHOT
[WARNING] 'dependencies.dependency.(groupId:artifactId:type:classifier)' must be unique: org.projectlombok:lombok:jar -> duplicate declaration of version (?) @ line 84, column 21
[WARNING] 
[WARNING] It is highly recommended to fix these problems because they threaten the stability of your build.
[WARNING] 
[WARNING] For this reason, future Maven versions might no longer support building such malformed projects.
[WARNING] 
[INFO] 
[INFO] --------------------< com.auth.center:auth-server >---------------------
[INFO] Building auth-server 1.0.0-SNAPSHOT
[INFO] --------------------------------[ jar ]---------------------------------
Downloading from public: http://192.168.99.112:8081/repository/maven-public/com/auth/center/common-web/1.0.0-SNAPSHOT/maven-metadata.xml
Downloading from public: http://192.168.99.112:8081/repository/maven-public/com/auth/center/auth-center.all/1.0.0-SNAPSHOT/maven-metadata.xml
Downloading from public: http://192.168.99.112:8081/repository/maven-public/com/auth/center/common-core/1.0.0-SNAPSHOT/maven-metadata.xml
[WARNING] The artifact mysql:mysql-connector-java:jar:8.0.33 has been relocated to com.mysql:mysql-connector-j:jar:8.0.33
[INFO] 
[INFO] --- maven-clean-plugin:2.5:clean (default-clean) @ auth-server ---
[INFO] Deleting F:\AIProjects\auth-center4\auth-server\target
[INFO] 
[INFO] --- maven-resources-plugin:2.6:resources (default-resources) @ auth-server ---
[INFO] Using 'UTF-8' encoding to copy filtered resources.
[INFO] Copying 2 resources
[INFO] 
[INFO] --- maven-compiler-plugin:3.11.0:compile (default-compile) @ auth-server ---
[INFO] Changes detected - recompiling the module! :source
[INFO] Compiling 36 source files with javac [debug target 1.8] to target\classes
[INFO] -------------------------------------------------------------
[ERROR] COMPILATION ERROR : 
[INFO] -------------------------------------------------------------
[ERROR] /F:/AIProjects/auth-center4/auth-server/src/main/java/com/auth/center/auth/domain/strategy/PhoneCodeLoginStrategy.java:[10,40] 找不到符号
  符号:   类 CommonErrorCode
  位置: 程序包 com.auth.center.common.exception
[ERROR] /F:/AIProjects/auth-center4/auth-server/src/main/java/com/auth/center/auth/domain/service/UserAuthService.java:[10,40] 找不到符号
  符号:   类 CommonErrorCode
  位置: 程序包 com.auth.center.common.exception
[ERROR] /F:/AIProjects/auth-center4/auth-server/src/main/java/com/auth/center/auth/domain/strategy/ThirdPartyLoginStrategy.java:[12,40] 找不到符号
  符号:   类 CommonErrorCode
  位置: 程序包 com.auth.center.common.exception
[ERROR] /F:/AIProjects/auth-center4/auth-server/src/main/java/com/auth/center/auth/domain/strategy/EmailPasswordLoginStrategy.java:[10,40] 找不到符号
  符号:   类 CommonErrorCode
  位置: 程序包 com.auth.center.common.exception
[ERROR] /F:/AIProjects/auth-center4/auth-server/src/main/java/com/auth/center/auth/domain/strategy/PhonePasswordLoginStrategy.java:[10,40] 找不到符号
  符号:   类 CommonErrorCode
  位置: 程序包 com.auth.center.common.exception
[ERROR] /F:/AIProjects/auth-center4/auth-server/src/main/java/com/auth/center/auth/domain/strategy/UsernamePasswordLoginStrategy.java:[10,40] 找不到符号
  符号:   类 CommonErrorCode
  位置: 程序包 com.auth.center.common.exception
[INFO] 6 errors 
[INFO] -------------------------------------------------------------
[INFO] ------------------------------------------------------------------------
[INFO] BUILD FAILURE
[INFO] ------------------------------------------------------------------------
[INFO] Total time:  2.368 s
[INFO] Finished at: 2025-10-31T09:05:18+08:00
[INFO] ------------------------------------------------------------------------
[ERROR] Failed to execute goal org.apache.maven.plugins:maven-compiler-plugin:3.11.0:compile (default-compile) on project auth-server: Compilation failure: Compilation failure: 
[ERROR] /F:/AIProjects/auth-center4/auth-server/src/main/java/com/auth/center/auth/domain/strategy/PhoneCodeLoginStrategy.java:[10,40] 找不到符号
[ERROR]   符号:   类 CommonErrorCode
[ERROR]   位置: 程序包 com.auth.center.common.exception
[ERROR] /F:/AIProjects/auth-center4/auth-server/src/main/java/com/auth/center/auth/domain/service/UserAuthService.java:[10,40] 找不到符号
[ERROR]   符号:   类 CommonErrorCode
[ERROR]   位置: 程序包 com.auth.center.common.exception
[ERROR] /F:/AIProjects/auth-center4/auth-server/src/main/java/com/auth/center/auth/domain/strategy/ThirdPartyLoginStrategy.java:[12,40] 找不到符号
[ERROR]   符号:   类 CommonErrorCode
[ERROR]   位置: 程序包 com.auth.center.common.exception
[ERROR] /F:/AIProjects/auth-center4/auth-server/src/main/java/com/auth/center/auth/domain/strategy/EmailPasswordLoginStrategy.java:[10,40] 找不到符号
[ERROR]   符号:   类 CommonErrorCode
[ERROR]   位置: 程序包 com.auth.center.common.exception
[ERROR] /F:/AIProjects/auth-center4/auth-server/src/main/java/com/auth/center/auth/domain/strategy/PhonePasswordLoginStrategy.java:[10,40] 找不到符号
[ERROR]   符号:   类 CommonErrorCode
[ERROR]   位置: 程序包 com.auth.center.common.exception
[ERROR] /F:/AIProjects/auth-center4/auth-server/src/main/java/com/auth/center/auth/domain/strategy/UsernamePasswordLoginStrategy.java:[10,40] 找不到符号
[ERROR]   符号:   类 CommonErrorCode
[ERROR]   位置: 程序包 com.auth.center.common.exception
[ERROR] -> [Help 1]
[ERROR] 
[ERROR] To see the full stack trace of the errors, re-run Maven with the -e switch.
[ERROR] Re-run Maven using the -X switch to enable full debug logging.
[ERROR] 
[ERROR] For more information about the errors and possible solutions, please read the following articles:
[ERROR] [Help 1] http://cwiki.apache.org/confluence/display/MAVEN/MojoFailureException
